// Jest Snapshot v1, https://goo.gl/fbAQLP

exports[`<FirstComponent /> should render default title and body 1`] = `
<div>
  <h1>
    Hello, World!
  </h1>
  <p>
    I am the first component of this lib
  </p>
</div>
`;
